// Jest Snapshot v1, https://goo.gl/fbAQLP

exports[`Decorator Projects decorates the input 1`] = `
Object {
  "activity": "activity",
  "buildNumber": "lastBuildLabel",
  "buildStatus": "lastBuildStatus",
  "buildTime": 2000-01-01T00:00:00.000Z,
  "name": "name",
}
`;

exports[`Decorator Projects defaults to undefined 1`] = `
Object {
  "activity": undefined,
  "buildNumber": undefined,
  "buildStatus": undefined,
  "buildTime": undefined,
  "name": undefined,
}
`;

exports[`Decorator Projects ignores extra keys 1`] = `
Object {
  "activity": "activity",
  "buildNumber": "lastBuildLabel",
  "buildStatus": "lastBuildStatus",
  "buildTime": 2000-01-01T00:00:00.000Z,
  "name": "name",
}
`;
