// Jest Snapshot v1, https://goo.gl/fbAQLP

exports[`Loader renders correctly 1`] = `
<div
  className="monitor-wrapper full-height"
>
  <div
    className="recent-builds"
  >
    <h1>
      Recent builds
    </h1>
  </div>
  <div
    className="projects"
  >
    <h1>
      2
       Projects
    </h1>
    <ProjectSelector
      projects={
        Array [
          Object {
            "name": "project1",
          },
          Object {
            "name": "project2",
          },
        ]
      }
    />
  </div>
</div>
`;
