// Jest Snapshot v1, https://goo.gl/fbAQLP

exports[`Project Selector renders the wrapped component 1`] = `
<WrappedComponent
  projects={
    Object {
      "building": Array [],
      "failing": Array [],
      "passing": Array [],
      "unknown": Array [],
    }
  }
/>
`;

exports[`Project Selector sorts projects by activity 1`] = `
Object {
  "building": Array [
    Object {
      "activity": "Building",
    },
  ],
  "failing": Array [],
  "passing": Array [],
  "unknown": Array [
    Object {
      "activity": "Sleeping",
    },
    Object {
      "activity": "SomethingElse",
    },
  ],
}
`;

exports[`Project Selector sorts projects by build status 1`] = `
Object {
  "building": Array [],
  "failing": Array [
    Object {
      "lastBuildStatus": "Failure",
    },
  ],
  "passing": Array [
    Object {
      "lastBuildStatus": "Success",
    },
  ],
  "unknown": Array [
    Object {
      "lastBuildStatus": "SomethingElse",
    },
    Object {
      "lastBuildStatus": "Unknown",
    },
  ],
}
`;
